Analysis & Synthesis report for 3DES
Wed Dec 04 22:49:51 2019
Quartus II 32-bit Version 12.1 Build 177 11/07/2012 SJ Web Edition


---------------------
; Table of Contents ;
---------------------
  1. Legal Notice
  2. Analysis & Synthesis Summary
  3. Analysis & Synthesis Settings
  4. Parallel Compilation
  5. Analysis & Synthesis Source Files Read
  6. Analysis & Synthesis Resource Usage Summary
  7. Analysis & Synthesis Resource Utilization by Entity
  8. General Register Statistics
  9. Port Connectivity Checks: "KeyGenerator:kg48"
 10. Port Connectivity Checks: "KeyGenerator:kg32"
 11. Port Connectivity Checks: "KeyGenerator:kg16"
 12. Elapsed Time Per Partition
 13. Analysis & Synthesis Messages



----------------
; Legal Notice ;
----------------
Copyright (C) 1991-2012 Altera Corporation
Your use of Altera Corporation's design tools, logic functions 
and other software and tools, and its AMPP partner logic 
functions, and any output files from any of the foregoing 
(including device programming or simulation files), and any 
associated documentation or information are expressly subject 
to the terms and conditions of the Altera Program License 
Subscription Agreement, Altera MegaCore Function License 
Agreement, or other applicable license agreement, including, 
without limitation, that your use is for the sole purpose of 
programming logic devices manufactured by Altera and sold by 
Altera or its authorized distributors.  Please refer to the 
applicable agreement for further details.



+-------------------------------------------------------------------------------+
; Analysis & Synthesis Summary                                                  ;
+------------------------------------+------------------------------------------+
; Analysis & Synthesis Status        ; Successful - Wed Dec 04 22:49:51 2019    ;
; Quartus II 32-bit Version          ; 12.1 Build 177 11/07/2012 SJ Web Edition ;
; Revision Name                      ; 3DES                                     ;
; Top-level Entity Name              ; Crypto                                   ;
; Family                             ; Cyclone IV GX                            ;
; Total logic elements               ; 595                                      ;
;     Total combinational functions  ; 595                                      ;
;     Dedicated logic registers      ; 0                                        ;
; Total registers                    ; 0                                        ;
; Total pins                         ; 321                                      ;
; Total virtual pins                 ; 0                                        ;
; Total memory bits                  ; 0                                        ;
; Embedded Multiplier 9-bit elements ; 0                                        ;
; Total GXB Receiver Channel PCS     ; 0                                        ;
; Total GXB Receiver Channel PMA     ; 0                                        ;
; Total GXB Transmitter Channel PCS  ; 0                                        ;
; Total GXB Transmitter Channel PMA  ; 0                                        ;
; Total PLLs                         ; 0                                        ;
+------------------------------------+------------------------------------------+


+----------------------------------------------------------------------------------------------------------------------+
; Analysis & Synthesis Settings                                                                                        ;
+----------------------------------------------------------------------------+--------------------+--------------------+
; Option                                                                     ; Setting            ; Default Value      ;
+----------------------------------------------------------------------------+--------------------+--------------------+
; Top-level entity name                                                      ; Crypto             ; 3DES               ;
; Family name                                                                ; Cyclone IV GX      ; Cyclone IV GX      ;
; Use smart compilation                                                      ; Off                ; Off                ;
; Enable parallel Assembler and TimeQuest Timing Analyzer during compilation ; On                 ; On                 ;
; Enable compact report table                                                ; Off                ; Off                ;
; Restructure Multiplexers                                                   ; Auto               ; Auto               ;
; Create Debugging Nodes for IP Cores                                        ; Off                ; Off                ;
; Preserve fewer node names                                                  ; On                 ; On                 ;
; Disable OpenCore Plus hardware evaluation                                  ; Off                ; Off                ;
; Verilog Version                                                            ; Verilog_2001       ; Verilog_2001       ;
; VHDL Version                                                               ; VHDL_1993          ; VHDL_1993          ;
; State Machine Processing                                                   ; Auto               ; Auto               ;
; Safe State Machine                                                         ; Off                ; Off                ;
; Extract Verilog State Machines                                             ; On                 ; On                 ;
; Extract VHDL State Machines                                                ; On                 ; On                 ;
; Ignore Verilog initial constructs                                          ; Off                ; Off                ;
; Iteration limit for constant Verilog loops                                 ; 5000               ; 5000               ;
; Iteration limit for non-constant Verilog loops                             ; 250                ; 250                ;
; Add Pass-Through Logic to Inferred RAMs                                    ; On                 ; On                 ;
; Infer RAMs from Raw Logic                                                  ; On                 ; On                 ;
; Parallel Synthesis                                                         ; On                 ; On                 ;
; DSP Block Balancing                                                        ; Auto               ; Auto               ;
; NOT Gate Push-Back                                                         ; On                 ; On                 ;
; Power-Up Don't Care                                                        ; On                 ; On                 ;
; Remove Redundant Logic Cells                                               ; Off                ; Off                ;
; Remove Duplicate Registers                                                 ; On                 ; On                 ;
; Ignore CARRY Buffers                                                       ; Off                ; Off                ;
; Ignore CASCADE Buffers                                                     ; Off                ; Off                ;
; Ignore GLOBAL Buffers                                                      ; Off                ; Off                ;
; Ignore ROW GLOBAL Buffers                                                  ; Off                ; Off                ;
; Ignore LCELL Buffers                                                       ; Off                ; Off                ;
; Ignore SOFT Buffers                                                        ; On                 ; On                 ;
; Limit AHDL Integers to 32 Bits                                             ; Off                ; Off                ;
; Optimization Technique                                                     ; Balanced           ; Balanced           ;
; Carry Chain Length                                                         ; 70                 ; 70                 ;
; Auto Carry Chains                                                          ; On                 ; On                 ;
; Auto Open-Drain Pins                                                       ; On                 ; On                 ;
; Perform WYSIWYG Primitive Resynthesis                                      ; Off                ; Off                ;
; Auto ROM Replacement                                                       ; On                 ; On                 ;
; Auto RAM Replacement                                                       ; On                 ; On                 ;
; Auto DSP Block Replacement                                                 ; On                 ; On                 ;
; Auto Shift Register Replacement                                            ; Auto               ; Auto               ;
; Allow Shift Register Merging across Hierarchies                            ; Auto               ; Auto               ;
; Auto Clock Enable Replacement                                              ; On                 ; On                 ;
; Strict RAM Replacement                                                     ; Off                ; Off                ;
; Allow Synchronous Control Signals                                          ; On                 ; On                 ;
; Force Use of Synchronous Clear Signals                                     ; Off                ; Off                ;
; Auto RAM Block Balancing                                                   ; On                 ; On                 ;
; Auto RAM to Logic Cell Conversion                                          ; Off                ; Off                ;
; Auto Resource Sharing                                                      ; Off                ; Off                ;
; Allow Any RAM Size For Recognition                                         ; Off                ; Off                ;
; Allow Any ROM Size For Recognition                                         ; Off                ; Off                ;
; Allow Any Shift Register Size For Recognition                              ; Off                ; Off                ;
; Use LogicLock Constraints during Resource Balancing                        ; On                 ; On                 ;
; Ignore translate_off and synthesis_off directives                          ; Off                ; Off                ;
; Timing-Driven Synthesis                                                    ; On                 ; On                 ;
; Report Parameter Settings                                                  ; On                 ; On                 ;
; Report Source Assignments                                                  ; On                 ; On                 ;
; Report Connectivity Checks                                                 ; On                 ; On                 ;
; Ignore Maximum Fan-Out Assignments                                         ; Off                ; Off                ;
; Synchronization Register Chain Length                                      ; 2                  ; 2                  ;
; PowerPlay Power Optimization                                               ; Normal compilation ; Normal compilation ;
; HDL message level                                                          ; Level2             ; Level2             ;
; Suppress Register Optimization Related Messages                            ; Off                ; Off                ;
; Number of Removed Registers Reported in Synthesis Report                   ; 5000               ; 5000               ;
; Number of Swept Nodes Reported in Synthesis Report                         ; 5000               ; 5000               ;
; Number of Inverted Registers Reported in Synthesis Report                  ; 100                ; 100                ;
; Clock MUX Protection                                                       ; On                 ; On                 ;
; Auto Gated Clock Conversion                                                ; Off                ; Off                ;
; Block Design Naming                                                        ; Auto               ; Auto               ;
; SDC constraint protection                                                  ; Off                ; Off                ;
; Synthesis Effort                                                           ; Auto               ; Auto               ;
; Shift Register Replacement - Allow Asynchronous Clear Signal               ; On                 ; On                 ;
; Pre-Mapping Resynthesis Optimization                                       ; Off                ; Off                ;
; Analysis & Synthesis Message Level                                         ; Medium             ; Medium             ;
; Disable Register Merging Across Hierarchies                                ; Auto               ; Auto               ;
; Resource Aware Inference For Block RAM                                     ; On                 ; On                 ;
; Synthesis Seed                                                             ; 1                  ; 1                  ;
+----------------------------------------------------------------------------+--------------------+--------------------+


Parallel compilation was disabled, but you have multiple processors available. Enable parallel compilation to reduce compilation time.
+-------------------------------------+
; Parallel Compilation                ;
+----------------------------+--------+
; Processors                 ; Number ;
+----------------------------+--------+
; Number detected on machine ; 4      ;
; Maximum allowed            ; 1      ;
+----------------------------+--------+


+-----------------------------------------------------------------------------------------------------------------------------------------+
; Analysis & Synthesis Source Files Read                                                                                                  ;
+----------------------------------+-----------------+-----------------+--------------------------------------------------------+---------+
; File Name with User-Entered Path ; Used in Netlist ; File Type       ; File Name with Absolute Path                           ; Library ;
+----------------------------------+-----------------+-----------------+--------------------------------------------------------+---------+
; split.vhd                        ; yes             ; User VHDL File  ; C:/Users/chris/Desktop/SDA/3DES/split.vhd              ;         ;
; InitialPermutation.vhd           ; yes             ; User VHDL File  ; C:/Users/chris/Desktop/SDA/3DES/InitialPermutation.vhd ;         ;
; FinalPermutation.vhd             ; yes             ; User VHDL File  ; C:/Users/chris/Desktop/SDA/3DES/FinalPermutation.vhd   ;         ;
; splitKey.vhd                     ; yes             ; User VHDL File  ; C:/Users/chris/Desktop/SDA/3DES/splitKey.vhd           ;         ;
; BinaryRotation.vhd               ; yes             ; User VHDL File  ; C:/Users/chris/Desktop/SDA/3DES/BinaryRotation.vhd     ;         ;
; KeyPermutation.vhd               ; yes             ; User VHDL File  ; C:/Users/chris/Desktop/SDA/3DES/KeyPermutation.vhd     ;         ;
; permutation.vhd                  ; yes             ; User VHDL File  ; C:/Users/chris/Desktop/SDA/3DES/permutation.vhd        ;         ;
; KeyGenerator.vhd                 ; yes             ; User VHDL File  ; C:/Users/chris/Desktop/SDA/3DES/KeyGenerator.vhd       ;         ;
; Box.vhd                          ; yes             ; User VHDL File  ; C:/Users/chris/Desktop/SDA/3DES/Box.vhd                ;         ;
; Crypto.vhd                       ; yes             ; User VHDL File  ; C:/Users/chris/Desktop/SDA/3DES/Crypto.vhd             ;         ;
+----------------------------------+-----------------+-----------------+--------------------------------------------------------+---------+


+---------------------------------------------+
; Analysis & Synthesis Resource Usage Summary ;
+--------------------------+------------------+
; Resource                 ; Usage            ;
+--------------------------+------------------+
; I/O pins                 ; 321              ;
; DSP block 9-bit elements ; 0                ;
; Maximum fan-out          ; 40               ;
; Total fan-out            ; 2493             ;
; Average fan-out          ; 2.02             ;
+--------------------------+------------------+


+-----------------------------------------------------------------------------------------------------------------------------------------------------------------------------------------+
; Analysis & Synthesis Resource Utilization by Entity                                                                                                                                     ;
+----------------------------+-------------------+--------------+-------------+--------------+---------+-----------+-----------+------+--------------+---------------------+--------------+
; Compilation Hierarchy Node ; LC Combinationals ; LC Registers ; Memory Bits ; DSP Elements ; DSP 9x9 ; DSP 18x18 ; DSP 36x36 ; Pins ; Virtual Pins ; Full Hierarchy Name ; Library Name ;
+----------------------------+-------------------+--------------+-------------+--------------+---------+-----------+-----------+------+--------------+---------------------+--------------+
; |Crypto                    ; 595 (0)           ; 0 (0)        ; 0           ; 0            ; 0       ; 0         ; 0         ; 321  ; 0            ; |Crypto             ;              ;
;    |Box:box10|             ; 3 (3)             ; 0 (0)        ; 0           ; 0            ; 0       ; 0         ; 0         ; 0    ; 0            ; |Crypto|Box:box10   ;              ;
;    |Box:box11|             ; 2 (2)             ; 0 (0)        ; 0           ; 0            ; 0       ; 0         ; 0         ; 0    ; 0            ; |Crypto|Box:box11   ;              ;
;    |Box:box12|             ; 6 (6)             ; 0 (0)        ; 0           ; 0            ; 0       ; 0         ; 0         ; 0    ; 0            ; |Crypto|Box:box12   ;              ;
;    |Box:box14|             ; 4 (4)             ; 0 (0)        ; 0           ; 0            ; 0       ; 0         ; 0         ; 0    ; 0            ; |Crypto|Box:box14   ;              ;
;    |Box:box15|             ; 10 (10)           ; 0 (0)        ; 0           ; 0            ; 0       ; 0         ; 0         ; 0    ; 0            ; |Crypto|Box:box15   ;              ;
;    |Box:box16|             ; 13 (13)           ; 0 (0)        ; 0           ; 0            ; 0       ; 0         ; 0         ; 0    ; 0            ; |Crypto|Box:box16   ;              ;
;    |Box:box17|             ; 10 (10)           ; 0 (0)        ; 0           ; 0            ; 0       ; 0         ; 0         ; 0    ; 0            ; |Crypto|Box:box17   ;              ;
;    |Box:box18|             ; 3 (3)             ; 0 (0)        ; 0           ; 0            ; 0       ; 0         ; 0         ; 0    ; 0            ; |Crypto|Box:box18   ;              ;
;    |Box:box19|             ; 9 (9)             ; 0 (0)        ; 0           ; 0            ; 0       ; 0         ; 0         ; 0    ; 0            ; |Crypto|Box:box19   ;              ;
;    |Box:box1|              ; 2 (2)             ; 0 (0)        ; 0           ; 0            ; 0       ; 0         ; 0         ; 0    ; 0            ; |Crypto|Box:box1    ;              ;
;    |Box:box20|             ; 14 (14)           ; 0 (0)        ; 0           ; 0            ; 0       ; 0         ; 0         ; 0    ; 0            ; |Crypto|Box:box20   ;              ;
;    |Box:box21|             ; 9 (9)             ; 0 (0)        ; 0           ; 0            ; 0       ; 0         ; 0         ; 0    ; 0            ; |Crypto|Box:box21   ;              ;
;    |Box:box22|             ; 5 (5)             ; 0 (0)        ; 0           ; 0            ; 0       ; 0         ; 0         ; 0    ; 0            ; |Crypto|Box:box22   ;              ;
;    |Box:box23|             ; 1 (1)             ; 0 (0)        ; 0           ; 0            ; 0       ; 0         ; 0         ; 0    ; 0            ; |Crypto|Box:box23   ;              ;
;    |Box:box24|             ; 6 (6)             ; 0 (0)        ; 0           ; 0            ; 0       ; 0         ; 0         ; 0    ; 0            ; |Crypto|Box:box24   ;              ;
;    |Box:box25|             ; 1 (1)             ; 0 (0)        ; 0           ; 0            ; 0       ; 0         ; 0         ; 0    ; 0            ; |Crypto|Box:box25   ;              ;
;    |Box:box26|             ; 4 (4)             ; 0 (0)        ; 0           ; 0            ; 0       ; 0         ; 0         ; 0    ; 0            ; |Crypto|Box:box26   ;              ;
;    |Box:box27|             ; 12 (12)           ; 0 (0)        ; 0           ; 0            ; 0       ; 0         ; 0         ; 0    ; 0            ; |Crypto|Box:box27   ;              ;
;    |Box:box28|             ; 11 (11)           ; 0 (0)        ; 0           ; 0            ; 0       ; 0         ; 0         ; 0    ; 0            ; |Crypto|Box:box28   ;              ;
;    |Box:box29|             ; 7 (7)             ; 0 (0)        ; 0           ; 0            ; 0       ; 0         ; 0         ; 0    ; 0            ; |Crypto|Box:box29   ;              ;
;    |Box:box30|             ; 3 (3)             ; 0 (0)        ; 0           ; 0            ; 0       ; 0         ; 0         ; 0    ; 0            ; |Crypto|Box:box30   ;              ;
;    |Box:box31|             ; 29 (29)           ; 0 (0)        ; 0           ; 0            ; 0       ; 0         ; 0         ; 0    ; 0            ; |Crypto|Box:box31   ;              ;
;    |Box:box32|             ; 37 (37)           ; 0 (0)        ; 0           ; 0            ; 0       ; 0         ; 0         ; 0    ; 0            ; |Crypto|Box:box32   ;              ;
;    |Box:box33|             ; 16 (16)           ; 0 (0)        ; 0           ; 0            ; 0       ; 0         ; 0         ; 0    ; 0            ; |Crypto|Box:box33   ;              ;
;    |Box:box34|             ; 22 (22)           ; 0 (0)        ; 0           ; 0            ; 0       ; 0         ; 0         ; 0    ; 0            ; |Crypto|Box:box34   ;              ;
;    |Box:box35|             ; 4 (4)             ; 0 (0)        ; 0           ; 0            ; 0       ; 0         ; 0         ; 0    ; 0            ; |Crypto|Box:box35   ;              ;
;    |Box:box36|             ; 20 (20)           ; 0 (0)        ; 0           ; 0            ; 0       ; 0         ; 0         ; 0    ; 0            ; |Crypto|Box:box36   ;              ;
;    |Box:box37|             ; 16 (16)           ; 0 (0)        ; 0           ; 0            ; 0       ; 0         ; 0         ; 0    ; 0            ; |Crypto|Box:box37   ;              ;
;    |Box:box38|             ; 33 (33)           ; 0 (0)        ; 0           ; 0            ; 0       ; 0         ; 0         ; 0    ; 0            ; |Crypto|Box:box38   ;              ;
;    |Box:box39|             ; 27 (27)           ; 0 (0)        ; 0           ; 0            ; 0       ; 0         ; 0         ; 0    ; 0            ; |Crypto|Box:box39   ;              ;
;    |Box:box40|             ; 10 (10)           ; 0 (0)        ; 0           ; 0            ; 0       ; 0         ; 0         ; 0    ; 0            ; |Crypto|Box:box40   ;              ;
;    |Box:box41|             ; 3 (3)             ; 0 (0)        ; 0           ; 0            ; 0       ; 0         ; 0         ; 0    ; 0            ; |Crypto|Box:box41   ;              ;
;    |Box:box42|             ; 8 (8)             ; 0 (0)        ; 0           ; 0            ; 0       ; 0         ; 0         ; 0    ; 0            ; |Crypto|Box:box42   ;              ;
;    |Box:box43|             ; 17 (17)           ; 0 (0)        ; 0           ; 0            ; 0       ; 0         ; 0         ; 0    ; 0            ; |Crypto|Box:box43   ;              ;
;    |Box:box44|             ; 14 (14)           ; 0 (0)        ; 0           ; 0            ; 0       ; 0         ; 0         ; 0    ; 0            ; |Crypto|Box:box44   ;              ;
;    |Box:box45|             ; 4 (4)             ; 0 (0)        ; 0           ; 0            ; 0       ; 0         ; 0         ; 0    ; 0            ; |Crypto|Box:box45   ;              ;
;    |Box:box47|             ; 86 (86)           ; 0 (0)        ; 0           ; 0            ; 0       ; 0         ; 0         ; 0    ; 0            ; |Crypto|Box:box47   ;              ;
;    |Box:box48|             ; 90 (90)           ; 0 (0)        ; 0           ; 0            ; 0       ; 0         ; 0         ; 0    ; 0            ; |Crypto|Box:box48   ;              ;
;    |Box:box4|              ; 7 (7)             ; 0 (0)        ; 0           ; 0            ; 0       ; 0         ; 0         ; 0    ; 0            ; |Crypto|Box:box4    ;              ;
;    |Box:box5|              ; 8 (8)             ; 0 (0)        ; 0           ; 0            ; 0       ; 0         ; 0         ; 0    ; 0            ; |Crypto|Box:box5    ;              ;
;    |Box:box7|              ; 5 (5)             ; 0 (0)        ; 0           ; 0            ; 0       ; 0         ; 0         ; 0    ; 0            ; |Crypto|Box:box7    ;              ;
;    |Box:box8|              ; 3 (3)             ; 0 (0)        ; 0           ; 0            ; 0       ; 0         ; 0         ; 0    ; 0            ; |Crypto|Box:box8    ;              ;
;    |Box:box9|              ; 1 (1)             ; 0 (0)        ; 0           ; 0            ; 0       ; 0         ; 0         ; 0    ; 0            ; |Crypto|Box:box9    ;              ;
+----------------------------+-------------------+--------------+-------------+--------------+---------+-----------+-----------+------+--------------+---------------------+--------------+
Note: For table entries with two numbers listed, the numbers in parentheses indicate the number of resources of the given type used by the specific entity alone. The numbers listed outside of parentheses indicate the total resources of the given type used by the specific entity and all of its sub-entities in the hierarchy.


+------------------------------------------------------+
; General Register Statistics                          ;
+----------------------------------------------+-------+
; Statistic                                    ; Value ;
+----------------------------------------------+-------+
; Total registers                              ; 0     ;
; Number of registers using Synchronous Clear  ; 0     ;
; Number of registers using Synchronous Load   ; 0     ;
; Number of registers using Asynchronous Clear ; 0     ;
; Number of registers using Asynchronous Load  ; 0     ;
; Number of registers using Clock Enable       ; 0     ;
; Number of registers using Preset             ; 0     ;
+----------------------------------------------+-------+


+------------------------------------------------------------------------------------------------------------------------+
; Port Connectivity Checks: "KeyGenerator:kg48"                                                                          ;
+--------------+--------+----------+-------------------------------------------------------------------------------------+
; Port         ; Type   ; Severity ; Details                                                                             ;
+--------------+--------+----------+-------------------------------------------------------------------------------------+
; outrotation1 ; Output ; Info     ; Connected to dangling logic. Logic that only feeds a dangling port will be removed. ;
; outrotation2 ; Output ; Info     ; Connected to dangling logic. Logic that only feeds a dangling port will be removed. ;
+--------------+--------+----------+-------------------------------------------------------------------------------------+


+------------------------------------------------------------------------------------------------------------------------+
; Port Connectivity Checks: "KeyGenerator:kg32"                                                                          ;
+--------------+--------+----------+-------------------------------------------------------------------------------------+
; Port         ; Type   ; Severity ; Details                                                                             ;
+--------------+--------+----------+-------------------------------------------------------------------------------------+
; outrotation1 ; Output ; Info     ; Connected to dangling logic. Logic that only feeds a dangling port will be removed. ;
; outrotation2 ; Output ; Info     ; Connected to dangling logic. Logic that only feeds a dangling port will be removed. ;
+--------------+--------+----------+-------------------------------------------------------------------------------------+


+------------------------------------------------------------------------------------------------------------------------+
; Port Connectivity Checks: "KeyGenerator:kg16"                                                                          ;
+--------------+--------+----------+-------------------------------------------------------------------------------------+
; Port         ; Type   ; Severity ; Details                                                                             ;
+--------------+--------+----------+-------------------------------------------------------------------------------------+
; outrotation1 ; Output ; Info     ; Connected to dangling logic. Logic that only feeds a dangling port will be removed. ;
; outrotation2 ; Output ; Info     ; Connected to dangling logic. Logic that only feeds a dangling port will be removed. ;
+--------------+--------+----------+-------------------------------------------------------------------------------------+


+-------------------------------+
; Elapsed Time Per Partition    ;
+----------------+--------------+
; Partition Name ; Elapsed Time ;
+----------------+--------------+
; Top            ; 00:00:05     ;
+----------------+--------------+


+-------------------------------+
; Analysis & Synthesis Messages ;
+-------------------------------+
Info: *******************************************************************
Info: Running Quartus II 32-bit Analysis & Synthesis
    Info: Version 12.1 Build 177 11/07/2012 SJ Web Edition
    Info: Processing started: Wed Dec 04 22:49:41 2019
Info: Command: quartus_map --read_settings_files=on --write_settings_files=off 3DES -c 3DES
Warning (20028): Parallel compilation is not licensed and has been disabled
Warning (12019): Can't analyze file -- file TripleDES.vhd is missing
Info (12021): Found 2 design units, including 1 entities, in source file split.vhd
    Info (12022): Found design unit 1: split-comportamento
    Info (12023): Found entity 1: split
Info (12021): Found 2 design units, including 1 entities, in source file initialpermutation.vhd
    Info (12022): Found design unit 1: InitialPermutation-comportamento
    Info (12023): Found entity 1: InitialPermutation
Info (12021): Found 2 design units, including 1 entities, in source file finalpermutation.vhd
    Info (12022): Found design unit 1: FinalPermutation-comportamento
    Info (12023): Found entity 1: FinalPermutation
Info (12021): Found 2 design units, including 1 entities, in source file splitkey.vhd
    Info (12022): Found design unit 1: splitKey-comportamento
    Info (12023): Found entity 1: splitKey
Info (12021): Found 2 design units, including 1 entities, in source file binaryrotation.vhd
    Info (12022): Found design unit 1: BinaryRotation-comportamento
    Info (12023): Found entity 1: BinaryRotation
Info (12021): Found 2 design units, including 1 entities, in source file keypermutation.vhd
    Info (12022): Found design unit 1: KeyPermutation-comportamento
    Info (12023): Found entity 1: KeyPermutation
Info (12021): Found 2 design units, including 1 entities, in source file permutation.vhd
    Info (12022): Found design unit 1: permutation-comportamento
    Info (12023): Found entity 1: permutation
Info (12021): Found 2 design units, including 1 entities, in source file keygenerator.vhd
    Info (12022): Found design unit 1: KeyGenerator-comportamento
    Info (12023): Found entity 1: KeyGenerator
Info (12021): Found 2 design units, including 1 entities, in source file keymodule.vhd
    Info (12022): Found design unit 1: KeyModule-comportamento
    Info (12023): Found entity 1: KeyModule
Info (12021): Found 2 design units, including 1 entities, in source file box.vhd
    Info (12022): Found design unit 1: Box-comportamento
    Info (12023): Found entity 1: Box
Info (12021): Found 2 design units, including 1 entities, in source file crypto.vhd
    Info (12022): Found design unit 1: Crypto-comportamento
    Info (12023): Found entity 1: Crypto
Info (12127): Elaborating entity "Crypto" for the top level hierarchy
Warning (10036): Verilog HDL or VHDL warning at Crypto.vhd(21): object "br1kg16" assigned a value but never read
Warning (10036): Verilog HDL or VHDL warning at Crypto.vhd(21): object "br2kg16" assigned a value but never read
Warning (10036): Verilog HDL or VHDL warning at Crypto.vhd(22): object "br1kg32" assigned a value but never read
Warning (10036): Verilog HDL or VHDL warning at Crypto.vhd(22): object "br2kg32" assigned a value but never read
Warning (10036): Verilog HDL or VHDL warning at Crypto.vhd(23): object "br1kg48" assigned a value but never read
Warning (10036): Verilog HDL or VHDL warning at Crypto.vhd(23): object "br2kg48" assigned a value but never read
Info (12128): Elaborating entity "InitialPermutation" for hierarchy "InitialPermutation:ip1"
Info (12128): Elaborating entity "split" for hierarchy "split:split1"
Info (12128): Elaborating entity "KeyPermutation" for hierarchy "KeyPermutation:kp1"
Info (12128): Elaborating entity "splitKey" for hierarchy "splitKey:splitkey1"
Info (12128): Elaborating entity "KeyGenerator" for hierarchy "KeyGenerator:kg1"
Info (12128): Elaborating entity "BinaryRotation" for hierarchy "KeyGenerator:kg1|BinaryRotation:br0"
Info (12128): Elaborating entity "permutation" for hierarchy "KeyGenerator:kg1|permutation:p"
Info (12128): Elaborating entity "Box" for hierarchy "Box:box1"
Warning (10036): Verilog HDL or VHDL warning at Box.vhd(14): object "expansionBufferProcessed" assigned a value but never read
Info (12128): Elaborating entity "FinalPermutation" for hierarchy "FinalPermutation:fp1"
Info (286030): Timing-Driven Synthesis is running
Info (16010): Generating hard_block partition "hard_block:auto_generated_inst"
    Info (16011): Adding 0 node(s), including 0 DDIO, 0 PLL, 0 transceiver and 0 LCELL
Warning (21074): Design contains 193 input pin(s) that do not drive logic
    Warning (15610): No output dependent on input pin "c"
    Warning (15610): No output dependent on input pin "key[191]"
    Warning (15610): No output dependent on input pin "key[190]"
    Warning (15610): No output dependent on input pin "key[189]"
    Warning (15610): No output dependent on input pin "key[188]"
    Warning (15610): No output dependent on input pin "key[187]"
    Warning (15610): No output dependent on input pin "key[186]"
    Warning (15610): No output dependent on input pin "key[185]"
    Warning (15610): No output dependent on input pin "key[184]"
    Warning (15610): No output dependent on input pin "key[183]"
    Warning (15610): No output dependent on input pin "key[182]"
    Warning (15610): No output dependent on input pin "key[181]"
    Warning (15610): No output dependent on input pin "key[180]"
    Warning (15610): No output dependent on input pin "key[179]"
    Warning (15610): No output dependent on input pin "key[178]"
    Warning (15610): No output dependent on input pin "key[177]"
    Warning (15610): No output dependent on input pin "key[176]"
    Warning (15610): No output dependent on input pin "key[175]"
    Warning (15610): No output dependent on input pin "key[174]"
    Warning (15610): No output dependent on input pin "key[173]"
    Warning (15610): No output dependent on input pin "key[172]"
    Warning (15610): No output dependent on input pin "key[171]"
    Warning (15610): No output dependent on input pin "key[170]"
    Warning (15610): No output dependent on input pin "key[169]"
    Warning (15610): No output dependent on input pin "key[168]"
    Warning (15610): No output dependent on input pin "key[167]"
    Warning (15610): No output dependent on input pin "key[166]"
    Warning (15610): No output dependent on input pin "key[165]"
    Warning (15610): No output dependent on input pin "key[164]"
    Warning (15610): No output dependent on input pin "key[163]"
    Warning (15610): No output dependent on input pin "key[162]"
    Warning (15610): No output dependent on input pin "key[161]"
    Warning (15610): No output dependent on input pin "key[160]"
    Warning (15610): No output dependent on input pin "key[159]"
    Warning (15610): No output dependent on input pin "key[158]"
    Warning (15610): No output dependent on input pin "key[157]"
    Warning (15610): No output dependent on input pin "key[156]"
    Warning (15610): No output dependent on input pin "key[155]"
    Warning (15610): No output dependent on input pin "key[154]"
    Warning (15610): No output dependent on input pin "key[153]"
    Warning (15610): No output dependent on input pin "key[152]"
    Warning (15610): No output dependent on input pin "key[151]"
    Warning (15610): No output dependent on input pin "key[150]"
    Warning (15610): No output dependent on input pin "key[149]"
    Warning (15610): No output dependent on input pin "key[148]"
    Warning (15610): No output dependent on input pin "key[147]"
    Warning (15610): No output dependent on input pin "key[146]"
    Warning (15610): No output dependent on input pin "key[145]"
    Warning (15610): No output dependent on input pin "key[144]"
    Warning (15610): No output dependent on input pin "key[143]"
    Warning (15610): No output dependent on input pin "key[142]"
    Warning (15610): No output dependent on input pin "key[141]"
    Warning (15610): No output dependent on input pin "key[140]"
    Warning (15610): No output dependent on input pin "key[139]"
    Warning (15610): No output dependent on input pin "key[138]"
    Warning (15610): No output dependent on input pin "key[137]"
    Warning (15610): No output dependent on input pin "key[136]"
    Warning (15610): No output dependent on input pin "key[135]"
    Warning (15610): No output dependent on input pin "key[134]"
    Warning (15610): No output dependent on input pin "key[133]"
    Warning (15610): No output dependent on input pin "key[132]"
    Warning (15610): No output dependent on input pin "key[131]"
    Warning (15610): No output dependent on input pin "key[130]"
    Warning (15610): No output dependent on input pin "key[129]"
    Warning (15610): No output dependent on input pin "key[128]"
    Warning (15610): No output dependent on input pin "key[127]"
    Warning (15610): No output dependent on input pin "key[126]"
    Warning (15610): No output dependent on input pin "key[125]"
    Warning (15610): No output dependent on input pin "key[124]"
    Warning (15610): No output dependent on input pin "key[123]"
    Warning (15610): No output dependent on input pin "key[122]"
    Warning (15610): No output dependent on input pin "key[121]"
    Warning (15610): No output dependent on input pin "key[120]"
    Warning (15610): No output dependent on input pin "key[119]"
    Warning (15610): No output dependent on input pin "key[118]"
    Warning (15610): No output dependent on input pin "key[117]"
    Warning (15610): No output dependent on input pin "key[116]"
    Warning (15610): No output dependent on input pin "key[115]"
    Warning (15610): No output dependent on input pin "key[114]"
    Warning (15610): No output dependent on input pin "key[113]"
    Warning (15610): No output dependent on input pin "key[112]"
    Warning (15610): No output dependent on input pin "key[111]"
    Warning (15610): No output dependent on input pin "key[110]"
    Warning (15610): No output dependent on input pin "key[109]"
    Warning (15610): No output dependent on input pin "key[108]"
    Warning (15610): No output dependent on input pin "key[107]"
    Warning (15610): No output dependent on input pin "key[106]"
    Warning (15610): No output dependent on input pin "key[105]"
    Warning (15610): No output dependent on input pin "key[104]"
    Warning (15610): No output dependent on input pin "key[103]"
    Warning (15610): No output dependent on input pin "key[102]"
    Warning (15610): No output dependent on input pin "key[101]"
    Warning (15610): No output dependent on input pin "key[100]"
    Warning (15610): No output dependent on input pin "key[99]"
    Warning (15610): No output dependent on input pin "key[98]"
    Warning (15610): No output dependent on input pin "key[97]"
    Warning (15610): No output dependent on input pin "key[96]"
    Warning (15610): No output dependent on input pin "key[95]"
    Warning (15610): No output dependent on input pin "key[94]"
    Warning (15610): No output dependent on input pin "key[93]"
    Warning (15610): No output dependent on input pin "key[92]"
    Warning (15610): No output dependent on input pin "key[91]"
    Warning (15610): No output dependent on input pin "key[90]"
    Warning (15610): No output dependent on input pin "key[89]"
    Warning (15610): No output dependent on input pin "key[88]"
    Warning (15610): No output dependent on input pin "key[87]"
    Warning (15610): No output dependent on input pin "key[86]"
    Warning (15610): No output dependent on input pin "key[85]"
    Warning (15610): No output dependent on input pin "key[84]"
    Warning (15610): No output dependent on input pin "key[83]"
    Warning (15610): No output dependent on input pin "key[82]"
    Warning (15610): No output dependent on input pin "key[81]"
    Warning (15610): No output dependent on input pin "key[80]"
    Warning (15610): No output dependent on input pin "key[79]"
    Warning (15610): No output dependent on input pin "key[78]"
    Warning (15610): No output dependent on input pin "key[77]"
    Warning (15610): No output dependent on input pin "key[76]"
    Warning (15610): No output dependent on input pin "key[75]"
    Warning (15610): No output dependent on input pin "key[74]"
    Warning (15610): No output dependent on input pin "key[73]"
    Warning (15610): No output dependent on input pin "key[72]"
    Warning (15610): No output dependent on input pin "key[71]"
    Warning (15610): No output dependent on input pin "key[70]"
    Warning (15610): No output dependent on input pin "key[69]"
    Warning (15610): No output dependent on input pin "key[68]"
    Warning (15610): No output dependent on input pin "key[67]"
    Warning (15610): No output dependent on input pin "key[66]"
    Warning (15610): No output dependent on input pin "key[65]"
    Warning (15610): No output dependent on input pin "key[64]"
    Warning (15610): No output dependent on input pin "key[63]"
    Warning (15610): No output dependent on input pin "key[62]"
    Warning (15610): No output dependent on input pin "key[61]"
    Warning (15610): No output dependent on input pin "key[60]"
    Warning (15610): No output dependent on input pin "key[59]"
    Warning (15610): No output dependent on input pin "key[58]"
    Warning (15610): No output dependent on input pin "key[57]"
    Warning (15610): No output dependent on input pin "key[56]"
    Warning (15610): No output dependent on input pin "key[55]"
    Warning (15610): No output dependent on input pin "key[54]"
    Warning (15610): No output dependent on input pin "key[53]"
    Warning (15610): No output dependent on input pin "key[52]"
    Warning (15610): No output dependent on input pin "key[51]"
    Warning (15610): No output dependent on input pin "key[50]"
    Warning (15610): No output dependent on input pin "key[49]"
    Warning (15610): No output dependent on input pin "key[48]"
    Warning (15610): No output dependent on input pin "key[47]"
    Warning (15610): No output dependent on input pin "key[46]"
    Warning (15610): No output dependent on input pin "key[45]"
    Warning (15610): No output dependent on input pin "key[44]"
    Warning (15610): No output dependent on input pin "key[43]"
    Warning (15610): No output dependent on input pin "key[42]"
    Warning (15610): No output dependent on input pin "key[41]"
    Warning (15610): No output dependent on input pin "key[40]"
    Warning (15610): No output dependent on input pin "key[39]"
    Warning (15610): No output dependent on input pin "key[38]"
    Warning (15610): No output dependent on input pin "key[37]"
    Warning (15610): No output dependent on input pin "key[36]"
    Warning (15610): No output dependent on input pin "key[35]"
    Warning (15610): No output dependent on input pin "key[34]"
    Warning (15610): No output dependent on input pin "key[33]"
    Warning (15610): No output dependent on input pin "key[32]"
    Warning (15610): No output dependent on input pin "key[31]"
    Warning (15610): No output dependent on input pin "key[30]"
    Warning (15610): No output dependent on input pin "key[29]"
    Warning (15610): No output dependent on input pin "key[28]"
    Warning (15610): No output dependent on input pin "key[27]"
    Warning (15610): No output dependent on input pin "key[26]"
    Warning (15610): No output dependent on input pin "key[25]"
    Warning (15610): No output dependent on input pin "key[24]"
    Warning (15610): No output dependent on input pin "key[23]"
    Warning (15610): No output dependent on input pin "key[22]"
    Warning (15610): No output dependent on input pin "key[21]"
    Warning (15610): No output dependent on input pin "key[20]"
    Warning (15610): No output dependent on input pin "key[19]"
    Warning (15610): No output dependent on input pin "key[18]"
    Warning (15610): No output dependent on input pin "key[17]"
    Warning (15610): No output dependent on input pin "key[16]"
    Warning (15610): No output dependent on input pin "key[15]"
    Warning (15610): No output dependent on input pin "key[14]"
    Warning (15610): No output dependent on input pin "key[13]"
    Warning (15610): No output dependent on input pin "key[12]"
    Warning (15610): No output dependent on input pin "key[11]"
    Warning (15610): No output dependent on input pin "key[10]"
    Warning (15610): No output dependent on input pin "key[9]"
    Warning (15610): No output dependent on input pin "key[8]"
    Warning (15610): No output dependent on input pin "key[7]"
    Warning (15610): No output dependent on input pin "key[6]"
    Warning (15610): No output dependent on input pin "key[5]"
    Warning (15610): No output dependent on input pin "key[4]"
    Warning (15610): No output dependent on input pin "key[3]"
    Warning (15610): No output dependent on input pin "key[2]"
    Warning (15610): No output dependent on input pin "key[1]"
    Warning (15610): No output dependent on input pin "key[0]"
Info (21057): Implemented 916 device resources after synthesis - the final resource count might be different
    Info (21058): Implemented 257 input pins
    Info (21059): Implemented 64 output pins
    Info (21061): Implemented 595 logic cells
Info: Quartus II 32-bit Analysis & Synthesis was successful. 0 errors, 203 warnings
    Info: Peak virtual memory: 433 megabytes
    Info: Processing ended: Wed Dec 04 22:49:51 2019
    Info: Elapsed time: 00:00:10
    Info: Total CPU time (on all processors): 00:00:08


